Component: ARM Compiler 5.06 update 7 (build 960) Tool: armlink [4d3601]

==============================================================================

Section Cross References

    system_stm32f10x.o(i.SetSysClock) refers to system_stm32f10x.o(i.SetSysClockTo72) for SetSysClockTo72
    system_stm32f10x.o(i.SystemCoreClockUpdate) refers to system_stm32f10x.o(.data) for SystemCoreClock
    system_stm32f10x.o(i.SystemInit) refers to system_stm32f10x.o(i.SetSysClock) for SetSysClock
    startup_stm32f10x_hd.o(RESET) refers to startup_stm32f10x_hd.o(STACK) for __initial_sp
    startup_stm32f10x_hd.o(RESET) refers to startup_stm32f10x_hd.o(.text) for Reset_Handler
    startup_stm32f10x_hd.o(RESET) refers to stm32f10x_it.o(i.NMI_Handler) for NMI_Handler
    startup_stm32f10x_hd.o(RESET) refers to stm32f10x_it.o(i.MemManage_Handler) for MemManage_Handler
    startup_stm32f10x_hd.o(RESET) refers to stm32f10x_it.o(i.BusFault_Handler) for BusFault_Handler
    startup_stm32f10x_hd.o(RESET) refers to stm32f10x_it.o(i.UsageFault_Handler) for UsageFault_Handler
    startup_stm32f10x_hd.o(RESET) refers to stm32f10x_it.o(i.SVC_Handler) for SVC_Handler
    startup_stm32f10x_hd.o(RESET) refers to stm32f10x_it.o(i.DebugMon_Handler) for DebugMon_Handler
    startup_stm32f10x_hd.o(RESET) refers to stm32f10x_it.o(i.PendSV_Handler) for PendSV_Handler
    startup_stm32f10x_hd.o(RESET) refers to stm32f10x_it.o(i.SysTick_Handler) for SysTick_Handler
    startup_stm32f10x_hd.o(RESET) refers to stm32f10x_it.o(i.RTC_IRQHandler) for RTC_IRQHandler
    startup_stm32f10x_hd.o(RESET) refers to usart3.o(i.USART3_IRQHandler) for USART3_IRQHandler
    startup_stm32f10x_hd.o(RESET) refers to stm32f10x_it.o(i.EXTI15_10_IRQHandler) for EXTI15_10_IRQHandler
    startup_stm32f10x_hd.o(.text) refers to stm32f10x_it.o(i.HardFaultHandler) for HardFaultHandler
    startup_stm32f10x_hd.o(.text) refers to system_stm32f10x.o(i.SystemInit) for SystemInit
    startup_stm32f10x_hd.o(.text) refers to entry.o(.ARM.Collect$$$$00000000) for __main
    stm32f10x_it.o(i.HardFaultHandler) refers to printfa.o(i.__0printf) for __2printf
    main.o(i.execute_callback) refers to printfa.o(i.__0printf) for __2printf
    main.o(i.main) refers to environment.o(i.nbiot_init_environment) for nbiot_init_environment
    main.o(i.main) refers to ad7124.o(i.AD7124_8_Reset) for AD7124_8_Reset
    main.o(i.main) refers to ad7124.o(i.Delay) for Delay
    main.o(i.main) refers to ad7124.o(i.AD7124_8_INIT1) for AD7124_8_INIT1
    main.o(i.main) refers to nbiot.o(i.nbiot_device_create) for nbiot_device_create
    main.o(i.main) refers to nbiot.o(i.nbiot_device_destroy) for nbiot_device_destroy
    main.o(i.main) refers to printfa.o(i.__0printf) for __2printf
    main.o(i.main) refers to nbiot.o(i.nbiot_resource_add) for nbiot_resource_add
    main.o(i.main) refers to nbiot.o(i.nbiot_object_add) for nbiot_object_add
    main.o(i.main) refers to nbiot.o(i.nbiot_device_connect) for nbiot_device_connect
    main.o(i.main) refers to environment.o(i.nbiot_reset) for nbiot_reset
    main.o(i.main) refers to nbiot.o(i.nbiot_device_step) for nbiot_device_step
    main.o(i.main) refers to led.o(i.Led4_Set) for Led4_Set
    main.o(i.main) refers to main.o(i.res_update) for res_update
    main.o(i.main) refers to main.o(i.execute_callback) for execute_callback
    main.o(i.main) refers to main.o(i.read_callback) for read_callback
    main.o(i.main) refers to main.o(i.write_callback) for write_callback
    main.o(i.main) refers to main.o(.data) for dev
    main.o(i.main) refers to main.o(.bss) for LED
    main.o(i.read_callback) refers to printfa.o(i.__0printf) for __2printf
    main.o(i.read_callback) refers to bh1750.o(i.BH1750_test) for BH1750_test
    main.o(i.read_callback) refers to f2d.o(.text) for __aeabi_f2d
    main.o(i.read_callback) refers to sht20.o(i.SHT20_GetValue) for SHT20_GetValue
    main.o(i.read_callback) refers to ad7124.o(i.voltage_Getvalue) for voltage_Getvalue
    main.o(i.read_callback) refers to bh1750.o(.data) for result_lx
    main.o(i.read_callback) refers to main.o(.bss) for illumi
    main.o(i.res_update) refers to sht20.o(i.SHT20_GetValue) for SHT20_GetValue
    main.o(i.res_update) refers to f2d.o(.text) for __aeabi_f2d
    main.o(i.res_update) refers to bh1750.o(i.BH1750_test) for BH1750_test
    main.o(i.res_update) refers to ad7124.o(i.voltage_Getvalue) for voltage_Getvalue
    main.o(i.res_update) refers to time.o(i.nbiot_time) for nbiot_time
    main.o(i.res_update) refers to main.o(.data) for last_time
    main.o(i.res_update) refers to main.o(.bss) for temp
    main.o(i.res_update) refers to bh1750.o(.data) for result_lx
    main.o(i.write_callback) refers to printfa.o(i.__0printf) for __2printf
    main.o(i.write_callback) refers to led.o(i.Led1_Set) for Led1_Set
    stm32f10x_gpio.o(i.GPIO_AFIODeInit) refers to stm32f10x_rcc.o(i.RCC_APB2PeriphResetCmd) for RCC_APB2PeriphResetCmd
[...]
    _printf_post_padding                     0x08003529   Thumb Code    36  printfa.o(i._printf_post_padding)
    i._printf_pre_padding                    0x0800354c   Section        0  printfa.o(i._printf_pre_padding)
    _printf_pre_padding                      0x0800354d   Thumb Code    46  printfa.o(i._printf_pre_padding)
    i._sputc                                 0x0800357a   Section        0  printfa.o(i._sputc)
    _sputc                                   0x0800357b   Thumb Code    10  printfa.o(i._sputc)
    i.atof                                   0x08003584   Section        0  atof.o(i.atof)
    i.delay_init                             0x080035b0   Section        0  time.o(i.delay_init)
    i.delay_ms_sub                           0x080035f4   Section        0  time.o(i.delay_ms_sub)
    i.device_free_nodes                      0x08003640   Section        0  nbiot.o(i.device_free_nodes)
    device_free_nodes                        0x08003641   Thumb Code    54  nbiot.o(i.device_free_nodes)
    i.device_free_observes                   0x08003676   Section        0  nbiot.o(i.device_free_observes)
    device_free_observes                     0x08003677   Thumb Code    56  nbiot.o(i.device_free_observes)
    i.device_free_transactions               0x080036ae   Section        0  nbiot.o(i.device_free_transactions)
    device_free_transactions                 0x080036af   Thumb Code    40  nbiot.o(i.device_free_transactions)
    i.execute_callback                       0x080036d8   Section        0  main.o(i.execute_callback)
    i.fifo_get                               0x0800370c   Section        0  fifo.o(i.fifo_get)
    i.fifo_init                              0x08003774   Section        0  fifo.o(i.fifo_init)
    i.fifo_put                               0x080037b4   Section        0  fifo.o(i.fifo_put)
    i.fputc                                  0x08003820   Section        0  usart1.o(i.fputc)
    i.free                                   0x08003844   Section        0  malloc.o(i.free)
    i.handle_execute                         0x08003894   Section        0  nbiot.o(i.handle_execute)
    handle_execute                           0x08003895   Thumb Code   120  nbiot.o(i.handle_execute)
    i.handle_observe                         0x0800390c   Section        0  nbiot.o(i.handle_observe)
    handle_observe                           0x0800390d   Thumb Code    54  nbiot.o(i.handle_observe)
    i.handle_read                            0x08003942   Section        0  nbiot.o(i.handle_read)
    handle_read                              0x08003943   Thumb Code   112  nbiot.o(i.handle_read)
    i.handle_request                         0x080039b4   Section        0  nbiot.o(i.handle_request)
    handle_request                           0x080039b5   Thumb Code   528  nbiot.o(i.handle_request)
    i.handle_transaction                     0x08003bec   Section        0  nbiot.o(i.handle_transaction)
    handle_transaction                       0x08003bed   Thumb Code   634  nbiot.o(i.handle_transaction)
    i.handle_write                           0x08003ea4   Section        0  nbiot.o(i.handle_write)
    handle_write                             0x08003ea5   Thumb Code    58  nbiot.o(i.handle_write)
    i.init_miplconf                          0x08003ede   Section        0  m5310.o(i.init_miplconf)
    i.ip_SendData                            0x08003f34   Section        0  m5310.o(i.ip_SendData)
    i.m5310_addobj                           0x08003f4c   Section        0  m5310.o(i.m5310_addobj)
    i.m5310_delobj                           0x08004034   Section        0  m5310.o(i.m5310_delobj)
    i.m5310_discover_rsp                     0x08004098   Section        0  m5310.o(i.m5310_discover_rsp)
    i.m5310_execute_rsp                      0x08004158   Section        0  m5310.o(i.m5310_execute_rsp)
    i.m5310_notify_upload                    0x08004200   Section        0  m5310.o(i.m5310_notify_upload)
    i.m5310_read_upload                      0x08004360   Section        0  m5310.o(i.m5310_read_upload)
    i.m5310_register_request                 0x080044f4   Section        0  m5310.o(i.m5310_register_request)
    i.m5310_register_update                  0x08004590   Section        0  m5310.o(i.m5310_register_update)
    i.m5310_write_rsp                        0x08004624   Section        0  m5310.o(i.m5310_write_rsp)
    i.mDelay                                 0x080046c4   Section        0  time.o(i.mDelay)
    i.main                                   0x08004700   Section        0  main.o(i.main)
    i.malloc                                 0x08004b10   Section        0  malloc.o(i.malloc)
    i.memb_alloc                             0x08004b7c   Section        0  memb.o(i.memb_alloc)
    i.memb_free                              0x08004ba8   Section        0  memb.o(i.memb_free)
    i.memb_init                              0x08004be0   Section        0  memb.o(i.memb_init)
    i.mipl_generate                          0x08004bfc   Section        0  m5310.o(i.mipl_generate)
    i.nbiot_atoi                             0x08004c34   Section        0  utils.o(i.nbiot_atoi)
    i.nbiot_device_connect                   0x08004ca4   Section        0  nbiot.o(i.nbiot_device_connect)
    i.nbiot_device_create                    0x08004d8c   Section        0  nbiot.o(i.nbiot_device_create)
    i.nbiot_device_destroy                   0x08004de0   Section        0  nbiot.o(i.nbiot_device_destroy)
    i.nbiot_device_step                      0x08004dfe   Section        0  nbiot.o(i.nbiot_device_step)
    i.nbiot_free                             0x08004f06   Section        0  memory.o(i.nbiot_free)
    i.nbiot_handle_buffer                    0x08004f14   Section        0  nbiot.o(i.nbiot_handle_buffer)
    nbiot_handle_buffer                      0x08004f15   Thumb Code   266  nbiot.o(i.nbiot_handle_buffer)
    i.nbiot_init_environment                 0x080050a8   Section        0  environment.o(i.nbiot_init_environment)
    i.nbiot_itoa                             0x080050e0   Section        0  utils.o(i.nbiot_itoa)
    i.nbiot_list_add                         0x0800514a   Section        0  nblist.o(i.nbiot_list_add)
    i.nbiot_list_del                         0x08005180   Section        0  nblist.o(i.nbiot_list_del)
    i.nbiot_list_free                        0x080051d6   Section        0  nblist.o(i.nbiot_list_free)
    i.nbiot_list_get                         0x080051ee   Section        0  nblist.o(i.nbiot_list_get)
    i.nbiot_malloc                           0x0800520c   Section        0  memory.o(i.nbiot_malloc)
    i.nbiot_memmove                          0x08005218   Section        0  utils.o(i.nbiot_memmove)
    i.nbiot_memzero                          0x08005238   Section        0  utils.o(i.nbiot_memzero)
    i.nbiot_node_find                        0x08005250   Section        0  node.o(i.nbiot_node_find)
    i.nbiot_node_read                        0x0800529c   Section        0  node.o(i.nbiot_node_read)
    i.nbiot_node_write                       0x0800546c   Section        0  node.o(i.nbiot_node_write)
    i.nbiot_object_add                       0x08005520   Section        0  nbiot.o(i.nbiot_object_add)
    i.nbiot_observe_add                      0x08005630   Section        0  observe.o(i.nbiot_observe_add)
    i.nbiot_observe_del                      0x08005786   Section        0  observe.o(i.nbiot_observe_del)
    i.nbiot_observe_step                     0x08005848   Section        0  observe.o(i.nbiot_observe_step)
    i.nbiot_rand                             0x08005948   Section        0  utils.o(i.nbiot_rand)
    i.nbiot_recv_buffer                      0x0800596c   Section        0  nbiot.o(i.nbiot_recv_buffer)
    i.nbiot_register_start                   0x0800598c   Section        0  registraction.o(i.nbiot_register_start)
    i.nbiot_register_step                    0x080059e0   Section        0  registraction.o(i.nbiot_register_step)
    i.nbiot_register_update                  0x08005a2c   Section        0  registraction.o(i.nbiot_register_update)
    i.nbiot_reset                            0x08005a7c   Section        0  environment.o(i.nbiot_reset)
    i.nbiot_resource_add                     0x08005a84   Section        0  nbiot.o(i.nbiot_resource_add)
    i.nbiot_send_buffer                      0x08005bc2   Section        0  nbiot.o(i.nbiot_send_buffer)
    i.nbiot_sleep                            0x08005d0c   Section        0  time.o(i.nbiot_sleep)
    i.nbiot_strdup                           0x08005d18   Section        0  utils.o(i.nbiot_strdup)
    i.nbiot_strlen                           0x08005d4a   Section        0  utils.o(i.nbiot_strlen)
    i.nbiot_strncpy                          0x08005d5c   Section        0  utils.o(i.nbiot_strncpy)
    i.nbiot_time                             0x08005d80   Section        0  time.o(i.nbiot_time)
    i.nbiot_time_init                        0x08005d94   Section        0  time.o(i.nbiot_time_init)
    i.nbiot_transaction_add                  0x08005da0   Section        0  transaction.o(i.nbiot_transaction_add)
    i.nbiot_transaction_del                  0x08005e10   Section        0  transaction.o(i.nbiot_transaction_del)
    i.nbiot_transaction_step                 0x08005e58   Section        0  transaction.o(i.nbiot_transaction_step)
    i.nbiot_udp_recv                         0x08005ed8   Section        0  socket.o(i.nbiot_udp_recv)
    i.nbiot_udp_send                         0x08005f14   Section        0  socket.o(i.nbiot_udp_send)
    i.netdev_init                            0x08005f30   Section        0  m5310.o(i.netdev_init)
    i.netif_rx                               0x080060c8   Section        0  m5310.o(i.netif_rx)
    i.observe_check                          0x08006120   Section        0  observe.o(i.observe_check)
    observe_check                            0x08006121   Thumb Code    72  observe.o(i.observe_check)
    i.observe_read                           0x08006168   Section        0  observe.o(i.observe_read)
    observe_read                             0x08006169   Thumb Code    92  observe.o(i.observe_read)
    i.read_callback                          0x080061c4   Section        0  main.o(i.read_callback)
    i.register_cmd_handler                   0x08006364   Section        0  at_cmd.o(i.register_cmd_handler)
    i.registraction_reply                    0x08006380   Section        0  registraction.o(i.registraction_reply)
    registraction_reply                      0x08006381   Thumb Code    36  registraction.o(i.registraction_reply)
    i.registraction_update_reply             0x080063a4   Section        0  registraction.o(i.registraction_update_reply)
    registraction_update_reply               0x080063a5   Thumb Code    36  registraction.o(i.registraction_update_reply)
    i.res_update                             0x080063c8   Section        0  main.o(i.res_update)
    i.ringbuf_clear                          0x080064fc   Section        0  ringbuf.o(i.ringbuf_clear)
    i.ringbuf_elements                       0x08006510   Section        0  ringbuf.o(i.ringbuf_elements)
    i.ringbuf_init                           0x0800651e   Section        0  ringbuf.o(i.ringbuf_init)
    i.uDelay                                 0x0800652c   Section        0  time.o(i.uDelay)
    i.voltage_Getvalue                       0x08006578   Section        0  ad7124.o(i.voltage_Getvalue)
    i.write_callback                         0x08006640   Section        0  main.o(i.write_callback)
    .constdata                               0x0800668c   Section       64  ctype_c.o(.constdata)
    .conststring                             0x080066cc   Section      125  m5310.o(.conststring)
    .data                                    0x20000000   Section       20  system_stm32f10x.o(.data)
    .data                                    0x20000014   Section       40  main.o(.data)
    .data                                    0x2000003c   Section       20  stm32f10x_rcc.o(.data)
    APBAHBPrescTable                         0x2000003c   Data          16  stm32f10x_rcc.o(.data)
    ADCPrescTable                            0x2000004c   Data           4  stm32f10x_rcc.o(.data)
    .data                                    0x20000050   Section       12  at_cmd.o(.data)
    .data                                    0x2000005c   Section       56  usart3.o(.data)
    dl_buf_memb_count                        0x2000005e   Data           8  usart3.o(.data)
    dl_buf                                   0x20000068   Data          12  usart3.o(.data)
    .data                                    0x20000094   Section        4  led.o(.data)
    .data                                    0x20000098   Section       10  bh1750.o(.data)
    .data                                    0x200000a2   Section        2  i2c.o(.data)
    .data                                    0x200000a4   Section        1  beep.o(.data)
    .data                                    0x200000a5   Section        1  environment.o(.data)
    _nbiot_init_state                        0x200000a5   Data           1  environment.o(.data)
    .data                                    0x200000a8   Section        8  time.o(.data)
    SystickTime                              0x200000a8   Data           4  time.o(.data)
    c_us                                     0x200000ac   Data           1  time.o(.data)
    c_ms                                     0x200000ae   Data           2  time.o(.data)
    .data                                    0x200000b0   Section        1  utils.o(.data)
    s_rand                                   0x200000b0   Data           1  utils.o(.data)
    .data                                    0x200000b4   Section        4  rand.o(.data)
    _rand_state                              0x200000b4   Data           4  rand.o(.data)
    .data                                    0x200000b8   Section        4  stdout.o(.data)
    .data                                    0x200000bc   Section        4  mvars.o(.data)
    .data                                    0x200000c0   Section        4  mvars.o(.data)
    .data                                    0x200000c4   Section        4  errno.o(.data)
    _errno                                   0x200000c4   Data           4  errno.o(.data)
    .bss                                     0x200000c8   Section      208  main.o(.bss)
    .bss                                     0x20000198   Section       80  fifo.o(.bss)
    .bss                                     0x200001e8   Section     5160  usart3.o(.bss)
    rx_fifo                                  0x20000200   Data         512  usart3.o(.bss)
    rx_fifo1                                 0x20000400   Data         512  usart3.o(.bss)
    dl_buf_memb_mem                          0x20000600   Data        4112  usart3.o(.bss)
    .bss                                     0x20001610   Section     1024  m5310.o(.bss)
    cmd_buff                                 0x20001610   Data        1024  m5310.o(.bss)
    HEAP                                     0x20001a10   Section     4096  startup_stm32f10x_hd.o(HEAP)
    STACK                                    0x20002a10   Section     4096  startup_stm32f10x_hd.o(STACK)

    Global Symbols

    Symbol Name                              Value     Ov Type        Size  Object(Section)

    BuildAttributes$$THM_ISAv4$P$D$K$B$S$PE$A:L22UL41UL21$X:L11$S22US41US21$IEEE1$IW$USESV6$~STKCKD$USESV7$~SHL$OTIME$ROPI$IEEEX$EBA8$MICROLIB$REQ8$PRES8$EABIv2 0x00000000   Number         0  anon$$obj.o ABSOLUTE
    _printf_a                                0x00000000   Number         0  stubs.o ABSOLUTE
    _printf_c                                0x00000000   Number         0  stubs.o ABSOLUTE
    _printf_charcount                        0x00000000   Number         0  stubs.o ABSOLUTE
    _printf_d                                0x00000000   Number         0  stubs.o ABSOLUTE
    _printf_e                                0x00000000   Number         0  stubs.o ABSOLUTE
    _printf_f                                0x00000000   Number         0  stubs.o ABSOLUTE
    _printf_flags                            0x00000000   Number         0  stubs.o ABSOLUTE
    _printf_fp_dec                           0x00000000   Number         0  stubs.o ABSOLUTE
    _printf_fp_hex                           0x00000000   Number         0  stubs.o ABSOLUTE
    _printf_g                                0x00000000   Number         0  stubs.o ABSOLUTE
    _printf_i                                0x00000000   Number         0  stubs.o ABSOLUTE
    _printf_int_dec                          0x00000000   Number         0  stubs.o ABSOLUTE
    _printf_l                                0x00000000   Number         0  stubs.o ABSOLUTE
    _printf_lc                               0x00000000   Number         0  stubs.o ABSOLUTE
    _printf_ll                               0x00000000   Number         0  stubs.o ABSOLUTE
    _printf_lld                              0x00000000   Number         0  stubs.o ABSOLUTE
    _printf_lli                              0x00000000   Number         0  stubs.o ABSOLUTE
    _printf_llo                              0x00000000   Number         0  stubs.o ABSOLUTE
    _printf_llu                              0x00000000   Number         0  stubs.o ABSOLUTE
    _printf_llx                              0x00000000   Number         0  stubs.o ABSOLUTE
    _printf_longlong_dec                     0x00000000   Number         0  stubs.o ABSOLUTE
    _printf_longlong_hex                     0x00000000   Number         0  stubs.o ABSOLUTE
    _printf_longlong_oct                     0x00000000   Number         0  stubs.o ABSOLUTE
    _printf_ls                               0x00000000   Number         0  stubs.o ABSOLUTE
    _printf_mbtowc                           0x00000000   Number         0  stubs.o ABSOLUTE
    _printf_n                                0x00000000   Number         0  stubs.o ABSOLUTE
    _printf_o                                0x00000000   Number         0  stubs.o ABSOLUTE
    _printf_p                                0x00000000   Number         0  stubs.o ABSOLUTE
    _printf_percent                          0x00000000   Number         0  stubs.o ABSOLUTE
    _printf_pre_padding                      0x00000000   Number         0  stubs.o ABSOLUTE
    _printf_return_value                     0x00000000   Number         0  stubs.o ABSOLUTE
    _printf_s                                0x00000000   Number         0  stubs.o ABSOLUTE
    _printf_sizespec                         0x00000000   Number         0  stubs.o ABSOLUTE
    _printf_str                              0x00000000   Number         0  stubs.o ABSOLUTE
    _printf_truncate_signed                  0x00000000   Number         0  stubs.o ABSOLUTE
    _printf_truncate_unsigned                0x00000000   Number         0  stubs.o ABSOLUTE
    _printf_u                                0x00000000   Number         0  stubs.o ABSOLUTE
    _printf_wc                               0x00000000   Number         0  stubs.o ABSOLUTE
    _printf_wctomb                           0x00000000   Number         0  stubs.o ABSOLUTE
    _printf_widthprec                        0x00000000   Number         0  stubs.o ABSOLUTE
    _printf_x                                0x00000000   Number         0  stubs.o ABSOLUTE
    __arm_fini_                               - Undefined Weak Reference
    __cpp_initialize__aeabi_                  - Undefined Weak Reference
    __cxa_finalize                            - Undefined Weak Reference
    __decompress                              - Undefined Weak Reference
    _clock_init                               - Undefined Weak Reference
    _microlib_exit                            - Undefined Weak Reference
    __Vectors_Size                           0x00000130   Number         0  startup_stm32f10x_hd.o ABSOLUTE
    __Vectors                                0x08000000   Data           4  startup_stm32f10x_hd.o(RESET)
    __Vectors_End                            0x08000130   Data           0  startup_stm32f10x_hd.o(RESET)
    __main                                   0x08000131   Thumb Code     0  entry.o(.ARM.Collect$$$$00000000)
    _main_stk                                0x08000131   Thumb Code     0  entry2.o(.ARM.Collect$$$$00000001)
    _main_scatterload                        0x08000135   Thumb Code     0  entry5.o(.ARM.Collect$$$$00000004)
    __main_after_scatterload                 0x08000139   Thumb Code     0  entry5.o(.ARM.Collect$$$$00000004)
    _main_clock                              0x08000139   Thumb Code     0  entry7b.o(.ARM.Collect$$$$00000008)
    _main_cpp_init                           0x08000139   Thumb Code     0  entry8b.o(.ARM.Collect$$$$0000000A)
    _main_init                               0x08000139   Thumb Code     0  entry9a.o(.ARM.Collect$$$$0000000B)
    __rt_lib_shutdown_fini                   0x08000141   Thumb Code     0  entry12b.o(.ARM.Collect$$$$0000000E)
    __rt_final_cpp                           0x08000145   Thumb Code     0  entry10a.o(.ARM.Collect$$$$0000000F)
    __rt_final_exit                          0x08000145   Thumb Code     0  entry11a.o(.ARM.Collect$$$$00000011)
    Reset_Handler                            0x08000149   Thumb Code     8  startup_stm32f10x_hd.o(.text)
    ADC1_2_IRQHandler                        0x08000173   Thumb Code     0  startup_stm32f10x_hd.o(.text)
    ADC3_IRQHandler                          0x08000173   Thumb Code     0  startup_stm32f10x_hd.o(.text)
    CAN1_RX1_IRQHandler                      0x08000173   Thumb Code     0  startup_stm32f10x_hd.o(.text)
    CAN1_SCE_IRQHandler                      0x08000173   Thumb Code     0  startup_stm32f10x_hd.o(.text)
    DMA1_Channel1_IRQHandler                 0x08000173   Thumb Code     0  startup_stm32f10x_hd.o(.text)
    DMA1_Channel2_IRQHandler                 0x08000173   Thumb Code     0  startup_stm32f10x_hd.o(.text)
    DMA1_Channel3_IRQHandler                 0x08000173   Thumb Code     0  startup_stm32f10x_hd.o(.text)
    DMA1_Channel4_IRQHandler                 0x08000173   Thumb Code     0  startup_stm32f10x_hd.o(.text)
    DMA1_Channel5_IRQHandler                 0x08000173   Thumb Code     0  startup_stm32f10x_hd.o(.text)
    DMA1_Channel6_IRQHandler                 0x08000173   Thumb Code     0  startup_stm32f10x_hd.o(.text)
    DMA1_Channel7_IRQHandler                 0x08000173   Thumb Code     0  startup_stm32f10x_hd.o(.text)
    DMA2_Channel1_IRQHandler                 0x08000173   Thumb Code     0  startup_stm32f10x_hd.o(.text)
    DMA2_Channel2_IRQHandler                 0x08000173   Thumb Code     0  startup_stm32f10x_hd.o(.text)
    DMA2_Channel3_IRQHandler                 0x08000173   Thumb Code     0  startup_stm32f10x_hd.o(.text)
    DMA2_Channel4_5_IRQHandler               0x08000173   Thumb Code     0  startup_stm32f10x_hd.o(.text)
    EXTI0_IRQHandler                         0x08000173   Thumb Code     0  startup_stm32f10x_hd.o(.text)
    EXTI1_IRQHandler                         0x08000173   Thumb Code     0  startup_stm32f10x_hd.o(.text)
    EXTI2_IRQHandler                         0x08000173   Thumb Code     0  startup_stm32f10x_hd.o(.text)
    EXTI3_IRQHandler                         0x08000173   Thumb Code     0  startup_stm32f10x_hd.o(.text)
    EXTI4_IRQHandler                         0x08000173   Thumb Code     0  startup_stm32f10x_hd.o(.text)
    EXTI9_5_IRQHandler                       0x08000173   Thumb Code     0  startup_stm32f10x_hd.o(.text)
    FLASH_IRQHandler                         0x08000173   Thumb Code     0  startup_stm32f10x_hd.o(.text)
    FSMC_IRQHandler                          0x08000173   Thumb Code     0  startup_stm32f10x_hd.o(.text)
    I2C1_ER_IRQHandler                       0x08000173   Thumb Code     0  startup_stm32f10x_hd.o(.text)
    I2C1_EV_IRQHandler                       0x08000173   Thumb Code     0  startup_stm32f10x_hd.o(.text)
    I2C2_ER_IRQHandler                       0x08000173   Thumb Code     0  startup_stm32f10x_hd.o(.text)
    I2C2_EV_IRQHandler                       0x08000173   Thumb Code     0  startup_stm32f10x_hd.o(.text)
    PVD_IRQHandler                           0x08000173   Thumb Code     0  startup_stm32f10x_hd.o(.text)
    RCC_IRQHandler                           0x08000173   Thumb Code     0  startup_stm32f10x_hd.o(.text)
    RTCAlarm_IRQHandler                      0x08000173   Thumb Code     0  startup_stm32f10x_hd.o(.text)
    SDIO_IRQHandler                          0x08000173   Thumb Code     0  startup_stm32f10x_hd.o(.text)
    SPI1_IRQHandler                          0x08000173   Thumb Code     0  startup_stm32f10x_hd.o(.text)
    SPI2_IRQHandler                          0x08000173   Thumb Code     0  startup_stm32f10x_hd.o(.text)
    SPI3_IRQHandler                          0x08000173   Thumb Code     0  startup_stm32f10x_hd.o(.text)
    TAMPER_IRQHandler                        0x08000173   Thumb Code     0  startup_stm32f10x_hd.o(.text)
    TIM1_BRK_IRQHandler                      0x08000173   Thumb Code     0  startup_stm32f10x_hd.o(.text)
    TIM1_CC_IRQHandler                       0x08000173   Thumb Code     0  startup_stm32f10x_hd.o(.text)
    TIM1_TRG_COM_IRQHandler                  0x08000173   Thumb Code     0  startup_stm32f10x_hd.o(.text)
    TIM1_UP_IRQHandler                       0x08000173   Thumb Code     0  startup_stm32f10x_hd.o(.text)
    TIM2_IRQHandler                          0x08000173   Thumb Code     0  startup_stm32f10x_hd.o(.text)
    TIM3_IRQHandler                          0x08000173   Thumb Code     0  startup_stm32f10x_hd.o(.text)
    TIM4_IRQHandler                          0x08000173   Thumb Code     0  startup_stm32f10x_hd.o(.text)
    TIM5_IRQHandler                          0x08000173   Thumb Code     0  startup_stm32f10x_hd.o(.text)
    TIM6_IRQHandler                          0x08000173   Thumb Code     0  startup_stm32f10x_hd.o(.text)
    TIM7_IRQHandler                          0x08000173   Thumb Code     0  startup_stm32f10x_hd.o(.text)
    TIM8_BRK_IRQHandler                      0x08000173   Thumb Code     0  startup_stm32f10x_hd.o(.text)
    TIM8_CC_IRQHandler                       0x08000173   Thumb Code     0  startup_stm32f10x_hd.o(.text)
    TIM8_TRG_COM_IRQHandler                  0x08000173   Thumb Code     0  startup_stm32f10x_hd.o(.text)
    TIM8_UP_IRQHandler                       0x08000173   Thumb Code     0  startup_stm32f10x_hd.o(.text)
    UART4_IRQHandler                         0x08000173   Thumb Code     0  startup_stm32f10x_hd.o(.text)
    UART5_IRQHandler                         0x08000173   Thumb Code     0  startup_stm32f10x_hd.o(.text)
    USART1_IRQHandler                        0x08000173   Thumb Code     0  startup_stm32f10x_hd.o(.text)
    USART2_IRQHandler                        0x08000173   Thumb Code     0  startup_stm32f10x_hd.o(.text)
    USBWakeUp_IRQHandler                     0x08000173   Thumb Code     0  startup_stm32f10x_hd.o(.text)
    USB_HP_CAN1_TX_IRQHandler                0x08000173   Thumb Code     0  startup_stm32f10x_hd.o(.text)
    USB_LP_CAN1_RX0_IRQHandler               0x08000173   Thumb Code     0  startup_stm32f10x_hd.o(.text)
    WWDG_IRQHandler                          0x08000173   Thumb Code     0  startup_stm32f10x_hd.o(.text)
    rand                                     0x0800017d   Thumb Code    20  rand.o(.text)
    srand                                    0x08000191   Thumb Code     6  rand.o(.text)
    __aeabi_memcpy                           0x080001a1   Thumb Code    36  memcpya.o(.text)
    __aeabi_memcpy4                          0x080001a1   Thumb Code     0  memcpya.o(.text)
    __aeabi_memcpy8                          0x080001a1   Thumb Code     0  memcpya.o(.text)
    __aeabi_memset                           0x080001c5   Thumb Code    14  memseta.o(.text)
    __aeabi_memset4                          0x080001c5   Thumb Code     0  memseta.o(.text)
    __aeabi_memset8                          0x080001c5   Thumb Code     0  memseta.o(.text)
    __aeabi_memclr                           0x080001d3   Thumb Code     4  memseta.o(.text)
    __aeabi_memclr4                          0x080001d3   Thumb Code     0  memseta.o(.text)
    __aeabi_memclr8                          0x080001d3   Thumb Code     0  memseta.o(.text)
    _memset$wrapper                          0x080001d7   Thumb Code    18  memseta.o(.text)
    strcat                                   0x080001e9   Thumb Code    24  strcat.o(.text)
    strstr                                   0x08000201   Thumb Code    36  strstr.o(.text)
    strlen                                   0x08000225   Thumb Code    14  strlen.o(.text)
    strcpy                                   0x08000233   Thumb Code    18  strcpy.o(.text)
    strncmp                                  0x08000245   Thumb Code    30  strncmp.o(.text)
    __aeabi_fadd                             0x08000263   Thumb Code   164  fadd.o(.text)
    __aeabi_fsub                             0x08000307   Thumb Code     6  fadd.o(.text)
    __aeabi_frsub                            0x0800030d   Thumb Code     6  fadd.o(.text)
    __aeabi_fdiv                             0x08000313   Thumb Code   124  fdiv.o(.text)
    __aeabi_dadd                             0x0800038f   Thumb Code   322  dadd.o(.text)
    __aeabi_dsub                             0x080004d1   Thumb Code     6  dadd.o(.text)
    __aeabi_drsub                            0x080004d7   Thumb Code     6  dadd.o(.text)
    __aeabi_dmul                             0x080004dd   Thumb Code   228  dmul.o(.text)
    __aeabi_ddiv                             0x080005c1   Thumb Code   222  ddiv.o(.text)
    __aeabi_ui2f                             0x0800069f   Thumb Code    10  ffltui.o(.text)
    __aeabi_f2uiz                            0x080006a9   Thumb Code    40  ffixui.o(.text)
    __aeabi_f2d                              0x080006d1   Thumb Code    38  f2d.o(.text)
    __aeabi_d2f                              0x080006f7   Thumb Code    56  d2f.o(.text)
    __aeabi_uidiv                            0x0800072f   Thumb Code     0  uidiv.o(.text)
    __aeabi_uidivmod                         0x0800072f   Thumb Code    44  uidiv.o(.text)
    __aeabi_uldivmod                         0x0800075b   Thumb Code    98  uldiv.o(.text)
    __aeabi_llsl                             0x080007bd   Thumb Code    30  llshl.o(.text)
    _ll_shift_l                              0x080007bd   Thumb Code     0  llshl.o(.text)
    __aeabi_lasr                             0x080007db   Thumb Code    36  llsshr.o(.text)
    _ll_sshift_r                             0x080007db   Thumb Code     0  llsshr.o(.text)
    __strtod_int                             0x08000837   Thumb Code    90  strtod.o(.text)
    __I$use$fp                               0x0800089d   Thumb Code     0  iusefp.o(.text)
    _float_round                             0x0800089d   Thumb Code    18  fepilogue.o(.text)
    _float_epilogue                          0x080008af   Thumb Code    92  fepilogue.o(.text)
    _double_round                            0x0800090b   Thumb Code    30  depilogue.o(.text)
    _double_epilogue                         0x08000929   Thumb Code   156  depilogue.o(.text)
    __aeabi_d2ulz                            0x080009c5   Thumb Code    48  dfixul.o(.text)
    __aeabi_cdrcmple                         0x080009f5   Thumb Code    48  cdrcmple.o(.text)
    __scatterload                            0x08000a25   Thumb Code    28  init.o(.text)
    __scatterload_rt2                        0x08000a25   Thumb Code     0  init.o(.text)
    __aeabi_llsr                             0x08000a49   Thumb Code    32  llushr.o(.text)
    _ll_ushift_r                             0x08000a49   Thumb Code     0  llushr.o(.text)
    isspace                                  0x08000a69   Thumb Code    10  isspace_c.o(.text)
    _scanf_real                              0x08000b9d   Thumb Code     0  scanf_fp.o(.text)
    _scanf_really_real                       0x08000b9d   Thumb Code   556  scanf_fp.o(.text)
    _sgetc                                   0x08000dd5   Thumb Code    30  _sgetc.o(.text)
    _sbackspace                              0x08000df3   Thumb Code    34  _sgetc.o(.text)
    __ctype_lookup                           0x08000e15   Thumb Code    34  ctype_c.o(.text)
    __aeabi_ul2d                             0x08000e3d   Thumb Code    24  dfltul.o(.text)
    AD7124_8_GPIO_INIT                       0x08000e55   Thumb Code    60  ad7124.o(i.AD7124_8_GPIO_INIT)
    AD7124_8_INIT1                           0x08000e95   Thumb Code   150  ad7124.o(i.AD7124_8_INIT1)
    AD7124_8_Read                            0x08000f31   Thumb Code    74  ad7124.o(i.AD7124_8_Read)
    AD7124_8_Read_Byte                       0x08000f81   Thumb Code    78  ad7124.o(i.AD7124_8_Read_Byte)
    AD7124_8_Reset                           0x08000fd5   Thumb Code    72  ad7124.o(i.AD7124_8_Reset)
    AD7124_8_Write                           0x08001021   Thumb Code    80  ad7124.o(i.AD7124_8_Write)
    ADXL345_Init                             0x08001075   Thumb Code   166  adxl345.o(i.ADXL345_Init)
    BH1750_test                              0x0800111b   Thumb Code    22  bh1750.o(i.BH1750_test)
    Beep_Init                                0x08001131   Thumb Code    44  beep.o(i.Beep_Init)
    Beep_Set                                 0x08001161   Thumb Code    20  beep.o(i.Beep_Set)
    BusFault_Handler                         0x0800117d   Thumb Code     4  stm32f10x_it.o(i.BusFault_Handler)
    Cmd_Write_BH1750                         0x08001181   Thumb Code    64  bh1750.o(i.Cmd_Write_BH1750)
    Convert_BH1750                           0x080011c1   Thumb Code    66  bh1750.o(i.Convert_BH1750)
    DMA_Cmd                                  0x08001215   Thumb Code    24  stm32f10x_dma.o(i.DMA_Cmd)
    DMA_DeInit                               0x0800122d   Thumb Code   324  stm32f10x_dma.o(i.DMA_DeInit)
    DMA_GetCurrDataCounter                   0x08001379   Thumb Code     8  stm32f10x_dma.o(i.DMA_GetCurrDataCounter)
    DMA_Init                                 0x08001381   Thumb Code    60  stm32f10x_dma.o(i.DMA_Init)
    DMA_SetCurrDataCounter                   0x080013bd   Thumb Code     4  stm32f10x_dma.o(i.DMA_SetCurrDataCounter)
    DebugMon_Handler                         0x080013c1   Thumb Code     2  stm32f10x_it.o(i.DebugMon_Handler)
    Delay                                    0x080013c3   Thumb Code    18  ad7124.o(i.Delay)
    EXTI15_10_IRQHandler                     0x080013d5   Thumb Code     2  stm32f10x_it.o(i.EXTI15_10_IRQHandler)
    GPIO_Init                                0x080013d7   Thumb Code   278  stm32f10x_gpio.o(i.GPIO_Init)
    GPIO_ReadInputDataBit                    0x080014ed   Thumb Code    18  stm32f10x_gpio.o(i.GPIO_ReadInputDataBit)
    GPIO_ResetBits                           0x080014ff   Thumb Code     4  stm32f10x_gpio.o(i.GPIO_ResetBits)
    GPIO_SetBits                             0x08001503   Thumb Code     4  stm32f10x_gpio.o(i.GPIO_SetBits)
    GPIO_WriteBit                            0x08001507   Thumb Code    10  stm32f10x_gpio.o(i.GPIO_WriteBit)
    HardFaultHandler                         0x08001511   Thumb Code   128  stm32f10x_it.o(i.HardFaultHandler)
    I2C_ReadByte                             0x0800160d   Thumb Code   106  i2c.o(i.I2C_ReadByte)
    I2C_WriteByte                            0x08001677   Thumb Code    92  i2c.o(i.I2C_WriteByte)
    IIC_1750_Ack                             0x080016d5   Thumb Code    60  bh1750.o(i.IIC_1750_Ack)
    IIC_1750_Init                            0x08001719   Thumb Code    66  bh1750.o(i.IIC_1750_Init)
    IIC_1750_NAck                            0x08001761   Thumb Code    60  bh1750.o(i.IIC_1750_NAck)
    IIC_1750_RecvByte                        0x080017a5   Thumb Code    86  bh1750.o(i.IIC_1750_RecvByte)
    IIC_1750_SendByte                        0x08001805   Thumb Code    96  bh1750.o(i.IIC_1750_SendByte)
    IIC_1750_SpeedCtl                        0x0800186d   Thumb Code     6  bh1750.o(i.IIC_1750_SpeedCtl)
    IIC_1750_Start                           0x08001879   Thumb Code    60  bh1750.o(i.IIC_1750_Start)
    IIC_1750_Stop                            0x080018bd   Thumb Code    60  bh1750.o(i.IIC_1750_Stop)
    IIC_1750_WaitAck                         0x08001901   Thumb Code    98  bh1750.o(i.IIC_1750_WaitAck)
    IIC_Ack                                  0x08001981   Thumb Code    52  i2c.o(i.IIC_Ack)
    IIC_Init                                 0x080019bd   Thumb Code    60  i2c.o(i.IIC_Init)
    IIC_NAck                                 0x080019fd   Thumb Code    52  i2c.o(i.IIC_NAck)
    IIC_RecvByte                             0x08001a39   Thumb Code    78  i2c.o(i.IIC_RecvByte)
    IIC_SendByte                             0x08001a91   Thumb Code    86  i2c.o(i.IIC_SendByte)
    IIC_SpeedCtl                             0x08001af1   Thumb Code     6  i2c.o(i.IIC_SpeedCtl)
    IIC_Start                                0x08001afd   Thumb Code    52  i2c.o(i.IIC_Start)
    IIC_Stop                                 0x08001b39   Thumb Code    52  i2c.o(i.IIC_Stop)
    IIC_WaitAck                              0x08001b75   Thumb Code    90  i2c.o(i.IIC_WaitAck)
    Key_Init                                 0x08001bed   Thumb Code    38  key.o(i.Key_Init)
    Led1_Set                                 0x08001c19   Thumb Code    36  led.o(i.Led1_Set)
    Led2_Set                                 0x08001c45   Thumb Code    36  led.o(i.Led2_Set)
    Led3_Set                                 0x08001c71   Thumb Code    36  led.o(i.Led3_Set)
    Led4_Set                                 0x08001c9d   Thumb Code    36  led.o(i.Led4_Set)
    Led_Init                                 0x08001cc9   Thumb Code    62  led.o(i.Led_Init)
    M5310_Power_Init                         0x08001d0d   Thumb Code    44  m5310.o(i.M5310_Power_Init)
    MemManage_Handler                        0x08001d3d   Thumb Code     4  stm32f10x_it.o(i.MemManage_Handler)
    NMI_Handler                              0x08001d41   Thumb Code     2  stm32f10x_it.o(i.NMI_Handler)
    NVIC_GenerateSystemReset                 0x08001d45   Thumb Code     8  misc.o(i.NVIC_GenerateSystemReset)
    NVIC_Init                                0x08001d55   Thumb Code   100  misc.o(i.NVIC_Init)
    PendSV_Handler                           0x08001dc5   Thumb Code     2  stm32f10x_it.o(i.PendSV_Handler)
    Peripheral_Init                          0x08001dc7   Thumb Code    32  environment.o(i.Peripheral_Init)
    RCC_AHBPeriphClockCmd                    0x08001de9   Thumb Code    26  stm32f10x_rcc.o(i.RCC_AHBPeriphClockCmd)
    RCC_APB1PeriphClockCmd                   0x08001e09   Thumb Code    26  stm32f10x_rcc.o(i.RCC_APB1PeriphClockCmd)
    RCC_APB1PeriphResetCmd                   0x08001e29   Thumb Code    26  stm32f10x_rcc.o(i.RCC_APB1PeriphResetCmd)
    RCC_APB2PeriphClockCmd                   0x08001e49   Thumb Code    26  stm32f10x_rcc.o(i.RCC_APB2PeriphClockCmd)
    RCC_APB2PeriphResetCmd                   0x08001e69   Thumb Code    26  stm32f10x_rcc.o(i.RCC_APB2PeriphResetCmd)
    RCC_GetClocksFreq                        0x08001e89   Thumb Code   192  stm32f10x_rcc.o(i.RCC_GetClocksFreq)
    RTC_IRQHandler                           0x08001f65   Thumb Code     2  stm32f10x_it.o(i.RTC_IRQHandler)
    RTC_Init                                 0x08001f69   Thumb Code   248  time.o(i.RTC_Init)
    Read_BH1750                              0x0800206d   Thumb Code    66  bh1750.o(i.Read_BH1750)
    SHT20_GetValue                           0x080020b5   Thumb Code   112  sht20.o(i.SHT20_GetValue)
    SHT20_read_user_reg                      0x08002125   Thumb Code    22  sht20.o(i.SHT20_read_user_reg)
    SHT20_reset                              0x0800213b   Thumb Code    14  sht20.o(i.SHT20_reset)
    SHT2x_CalcRH                             0x08002149   Thumb Code    60  sht20.o(i.SHT2x_CalcRH)
    SHT2x_CalcTemperatureC                   0x08002191   Thumb Code    60  sht20.o(i.SHT2x_CalcTemperatureC)
    SHT2x_CheckCrc                           0x080021dd   Thumb Code    74  sht20.o(i.SHT2x_CheckCrc)
    SHT2x_MeasureHM                          0x08002227   Thumb Code   208  sht20.o(i.SHT2x_MeasureHM)
    SVC_Handler                              0x080022f7   Thumb Code     2  stm32f10x_it.o(i.SVC_Handler)
    SendCmd                                  0x080022f9   Thumb Code   306  at_cmd.o(i.SendCmd)
    SentData                                 0x08002469   Thumb Code   156  at_cmd.o(i.SentData)
    Start_BH1750                             0x08002615   Thumb Code    22  bh1750.o(i.Start_BH1750)
    SysTick_CLKSourceConfig                  0x0800262b   Thumb Code    40  misc.o(i.SysTick_CLKSourceConfig)
    SysTick_Handler                          0x08002653   Thumb Code     2  stm32f10x_it.o(i.SysTick_Handler)
    SystemInit                               0x08002655   Thumb Code    78  system_stm32f10x.o(i.SystemInit)
    USART1_Init                              0x080026b5   Thumb Code   154  usart1.o(i.USART1_Init)
    USART3_IRQHandler                        0x08002759   Thumb Code   236  usart3.o(i.USART3_IRQHandler)
    USART3_Init                              0x08002889   Thumb Code   312  usart3.o(i.USART3_Init)
    USART3_Write                             0x080029ed   Thumb Code    88  usart3.o(i.USART3_Write)
    USART_Cmd                                0x08002a51   Thumb Code    24  stm32f10x_usart.o(i.USART_Cmd)
    USART_DMACmd                             0x08002a69   Thumb Code    18  stm32f10x_usart.o(i.USART_DMACmd)
    USART_DeInit                             0x08002a7d   Thumb Code   134  stm32f10x_usart.o(i.USART_DeInit)
    USART_GetFlagStatus                      0x08002b19   Thumb Code    26  stm32f10x_usart.o(i.USART_GetFlagStatus)
    USART_ITConfig                           0x08002b33   Thumb Code    74  stm32f10x_usart.o(i.USART_ITConfig)
    USART_Init                               0x08002b7d   Thumb Code   210  stm32f10x_usart.o(i.USART_Init)
    USART_SendData                           0x08002c55   Thumb Code     8  stm32f10x_usart.o(i.USART_SendData)
    UsageFault_Handler                       0x08002c5d   Thumb Code     4  stm32f10x_it.o(i.UsageFault_Handler)
    __0printf                                0x08002c61   Thumb Code    22  printfa.o(i.__0printf)
    __1printf                                0x08002c61   Thumb Code     0  printfa.o(i.__0printf)
    __2printf                                0x08002c61   Thumb Code     0  printfa.o(i.__0printf)
    __c89printf                              0x08002c61   Thumb Code     0  printfa.o(i.__0printf)
    printf                                   0x08002c61   Thumb Code     0  printfa.o(i.__0printf)
    __0sprintf                               0x08002c81   Thumb Code    34  printfa.o(i.__0sprintf)
    __1sprintf                               0x08002c81   Thumb Code     0  printfa.o(i.__0sprintf)
    __2sprintf                               0x08002c81   Thumb Code     0  printfa.o(i.__0sprintf)
    __c89sprintf                             0x08002c81   Thumb Code     0  printfa.o(i.__0sprintf)
    sprintf                                  0x08002c81   Thumb Code     0  printfa.o(i.__0sprintf)
    __read_errno                             0x08002ca9   Thumb Code     6  errno.o(i.__read_errno)
    __scatterload_copy                       0x08002cb5   Thumb Code    14  handlers.o(i.__scatterload_copy)
    __scatterload_null                       0x08002cc3   Thumb Code     2  handlers.o(i.__scatterload_null)
    __scatterload_zeroinit                   0x08002cc5   Thumb Code    14  handlers.o(i.__scatterload_zeroinit)
    __set_errno                              0x08002cd5   Thumb Code     6  errno.o(i.__set_errno)
    _is_digit                                0x08002e65   Thumb Code    14  scanf_fp.o(i._is_digit)
    atof                                     0x08003585   Thumb Code    42  atof.o(i.atof)
    delay_init                               0x080035b1   Thumb Code    50  time.o(i.delay_init)
    delay_ms_sub                             0x080035f5   Thumb Code    72  time.o(i.delay_ms_sub)
    execute_callback                         0x080036d9   Thumb Code    32  main.o(i.execute_callback)
    fifo_get                                 0x0800370d   Thumb Code   100  fifo.o(i.fifo_get)
    fifo_init                                0x08003775   Thumb Code    58  fifo.o(i.fifo_init)
    fifo_put                                 0x080037b5   Thumb Code   102  fifo.o(i.fifo_put)
    fputc                                    0x08003821   Thumb Code    32  usart1.o(i.fputc)
    free                                     0x08003845   Thumb Code    76  malloc.o(i.free)
    init_miplconf                            0x08003edf   Thumb Code    84  m5310.o(i.init_miplconf)
    ip_SendData                              0x08003f35   Thumb Code    20  m5310.o(i.ip_SendData)
    m5310_addobj                             0x08003f4d   Thumb Code   192  m5310.o(i.m5310_addobj)
    m5310_delobj                             0x08004035   Thumb Code    68  m5310.o(i.m5310_delobj)
    m5310_discover_rsp                       0x08004099   Thumb Code   126  m5310.o(i.m5310_discover_rsp)
    m5310_execute_rsp                        0x08004159   Thumb Code   102  m5310.o(i.m5310_execute_rsp)
    m5310_notify_upload                      0x08004201   Thumb Code   290  m5310.o(i.m5310_notify_upload)
    m5310_read_upload                        0x08004361   Thumb Code   346  m5310.o(i.m5310_read_upload)
    m5310_register_request                   0x080044f5   Thumb Code   128  m5310.o(i.m5310_register_request)
    m5310_register_update                    0x08004591   Thumb Code   116  m5310.o(i.m5310_register_update)
    m5310_write_rsp                          0x08004625   Thumb Code   102  m5310.o(i.m5310_write_rsp)
    mDelay                                   0x080046c5   Thumb Code    60  time.o(i.mDelay)
    main                                     0x08004701   Thumb Code   574  main.o(i.main)
    malloc                                   0x08004b11   Thumb Code    92  malloc.o(i.malloc)
    memb_alloc                               0x08004b7d   Thumb Code    44  memb.o(i.memb_alloc)
    memb_free                                0x08004ba9   Thumb Code    56  memb.o(i.memb_free)
    memb_init                                0x08004be1   Thumb Code    28  memb.o(i.memb_init)
    mipl_generate                            0x08004bfd   Thumb Code    36  m5310.o(i.mipl_generate)
    nbiot_atoi                               0x08004c35   Thumb Code   112  utils.o(i.nbiot_atoi)
    nbiot_device_connect                     0x08004ca5   Thumb Code   232  nbiot.o(i.nbiot_device_connect)
    nbiot_device_create                      0x08004d8d   Thumb Code    84  nbiot.o(i.nbiot_device_create)
    nbiot_device_destroy                     0x08004de1   Thumb Code    30  nbiot.o(i.nbiot_device_destroy)
    nbiot_device_step                        0x08004dff   Thumb Code   264  nbiot.o(i.nbiot_device_step)
    nbiot_free                               0x08004f07   Thumb Code    12  memory.o(i.nbiot_free)
    nbiot_init_environment                   0x080050a9   Thumb Code    52  environment.o(i.nbiot_init_environment)
    nbiot_itoa                               0x080050e1   Thumb Code   106  utils.o(i.nbiot_itoa)
    nbiot_list_add                           0x0800514b   Thumb Code    54  nblist.o(i.nbiot_list_add)
    nbiot_list_del                           0x08005181   Thumb Code    86  nblist.o(i.nbiot_list_del)
    nbiot_list_free                          0x080051d7   Thumb Code    24  nblist.o(i.nbiot_list_free)
    nbiot_list_get                           0x080051ef   Thumb Code    30  nblist.o(i.nbiot_list_get)
    nbiot_malloc                             0x0800520d   Thumb Code    12  memory.o(i.nbiot_malloc)
    nbiot_memmove                            0x08005219   Thumb Code    32  utils.o(i.nbiot_memmove)
    nbiot_memzero                            0x08005239   Thumb Code    24  utils.o(i.nbiot_memzero)
    nbiot_node_find                          0x08005251   Thumb Code    76  node.o(i.nbiot_node_find)
    nbiot_node_read                          0x0800529d   Thumb Code   450  node.o(i.nbiot_node_read)
    nbiot_node_write                         0x0800546d   Thumb Code   180  node.o(i.nbiot_node_write)
    nbiot_object_add                         0x08005521   Thumb Code   262  nbiot.o(i.nbiot_object_add)
    nbiot_observe_add                        0x08005631   Thumb Code   342  observe.o(i.nbiot_observe_add)
    nbiot_observe_del                        0x08005787   Thumb Code   194  observe.o(i.nbiot_observe_del)
    nbiot_observe_step                       0x08005849   Thumb Code   256  observe.o(i.nbiot_observe_step)
    nbiot_rand                               0x08005949   Thumb Code    30  utils.o(i.nbiot_rand)
    nbiot_recv_buffer                        0x0800596d   Thumb Code    32  nbiot.o(i.nbiot_recv_buffer)
    nbiot_register_start                     0x0800598d   Thumb Code    80  registraction.o(i.nbiot_register_start)
    nbiot_register_step                      0x080059e1   Thumb Code    76  registraction.o(i.nbiot_register_step)
    nbiot_register_update                    0x08005a2d   Thumb Code    64  registraction.o(i.nbiot_register_update)
    nbiot_reset                              0x08005a7d   Thumb Code     8  environment.o(i.nbiot_reset)
    nbiot_resource_add                       0x08005a85   Thumb Code   318  nbiot.o(i.nbiot_resource_add)
    nbiot_send_buffer                        0x08005bc3   Thumb Code   330  nbiot.o(i.nbiot_send_buffer)
    nbiot_sleep                              0x08005d0d   Thumb Code    12  time.o(i.nbiot_sleep)
    nbiot_strdup                             0x08005d19   Thumb Code    50  utils.o(i.nbiot_strdup)
    nbiot_strlen                             0x08005d4b   Thumb Code    18  utils.o(i.nbiot_strlen)
    nbiot_strncpy                            0x08005d5d   Thumb Code    36  utils.o(i.nbiot_strncpy)
    nbiot_time                               0x08005d81   Thumb Code    16  time.o(i.nbiot_time)
    nbiot_time_init                          0x08005d95   Thumb Code    12  time.o(i.nbiot_time_init)
    nbiot_transaction_add                    0x08005da1   Thumb Code   112  transaction.o(i.nbiot_transaction_add)
    nbiot_transaction_del                    0x08005e11   Thumb Code    70  transaction.o(i.nbiot_transaction_del)
    nbiot_transaction_step                   0x08005e59   Thumb Code   116  transaction.o(i.nbiot_transaction_step)
    nbiot_udp_recv                           0x08005ed9   Thumb Code    46  socket.o(i.nbiot_udp_recv)
    nbiot_udp_send                           0x08005f15   Thumb Code    26  socket.o(i.nbiot_udp_send)
    netdev_init                              0x08005f31   Thumb Code   214  m5310.o(i.netdev_init)
    netif_rx                                 0x080060c9   Thumb Code    74  m5310.o(i.netif_rx)
    read_callback                            0x080061c5   Thumb Code   362  main.o(i.read_callback)
    register_cmd_handler                     0x08006365   Thumb Code    14  at_cmd.o(i.register_cmd_handler)
    res_update                               0x080063c9   Thumb Code   266  main.o(i.res_update)
    ringbuf_clear                            0x080064fd   Thumb Code    20  ringbuf.o(i.ringbuf_clear)
    ringbuf_elements                         0x08006511   Thumb Code    14  ringbuf.o(i.ringbuf_elements)
    ringbuf_init                             0x0800651f   Thumb Code    14  ringbuf.o(i.ringbuf_init)
    uDelay                                   0x0800652d   Thumb Code    72  time.o(i.uDelay)
    voltage_Getvalue                         0x08006579   Thumb Code   170  ad7124.o(i.voltage_Getvalue)
    write_callback                           0x08006641   Thumb Code    52  main.o(i.write_callback)
    __ctype_categories                       0x0800668c   Data          64  ctype_c.o(.constdata)
    Region$$Table$$Base                      0x0800674c   Number         0  anon$$obj.o(Region$$Table)
    Region$$Table$$Limit                     0x0800676c   Number         0  anon$$obj.o(Region$$Table)
    SystemCoreClock                          0x20000000   Data           4  system_stm32f10x.o(.data)
    AHBPrescTable                            0x20000004   Data          16  system_stm32f10x.o(.data)
    uri                                      0x20000014   Data          26  main.o(.data)
    dev                                      0x20000030   Data           4  main.o(.data)
    last_time                                0x20000034   Data           4  main.o(.data)
    cur_time                                 0x20000038   Data           4  main.o(.data)
    callback                                 0x20000050   Data           4  at_cmd.o(.data)
    flag_ok                                  0x20000054   Data           4  at_cmd.o(.data)
    result_ptr                               0x20000058   Data           4  at_cmd.o(.data)
    rsp_ok                                   0x2000005c   Data           1  usart3.o(.data)
    dl_buf_id                                0x2000005d   Data           1  usart3.o(.data)
    USARx_DMA                                0x20000074   Data          16  usart3.o(.data)
    USATx_DMA                                0x20000084   Data          16  usart3.o(.data)
    ledStatus                                0x20000094   Data           4  led.o(.data)
    result_lx                                0x20000098   Data           4  bh1750.o(.data)
    BUF                                      0x2000009c   Data           2  bh1750.o(.data)
    result                                   0x2000009e   Data           2  bh1750.o(.data)
    iic1750Info                              0x200000a0   Data           2  bh1750.o(.data)
    iicInfo                                  0x200000a2   Data           2  i2c.o(.data)
    beepInfo                                 0x200000a4   Data           1  beep.o(.data)
    __stdout                                 0x200000b8   Data           4  stdout.o(.data)
    __microlib_freelist                      0x200000bc   Data           4  mvars.o(.data)
    __microlib_freelist_initialised          0x200000c0   Data           4  mvars.o(.data)
    temp                                     0x200000c8   Data          16  main.o(.bss)
    humi                                     0x200000d8   Data          16  main.o(.bss)
    illumi                                   0x200000e8   Data          16  main.o(.bss)
    press                                    0x200000f8   Data          16  main.o(.bss)
    altitude                                 0x20000108   Data          16  main.o(.bss)
    acceleX                                  0x20000118   Data          16  main.o(.bss)
    acceleY                                  0x20000128   Data          16  main.o(.bss)
    acceleZ                                  0x20000138   Data          16  main.o(.bss)
    LED                                      0x20000148   Data          16  main.o(.bss)
    voltage0                                 0x20000158   Data          16  main.o(.bss)
    voltage1                                 0x20000168   Data          16  main.o(.bss)
    voltage2                                 0x20000178   Data          16  main.o(.bss)
    voltage3                                 0x20000188   Data          16  main.o(.bss)
    pipe                                     0x20000198   Data          80  fifo.o(.bss)
    ring_fifo                                0x200001e8   Data          12  usart3.o(.bss)
    ring_fifo1                               0x200001f4   Data          12  usart3.o(.bss)
    __heap_base                              0x20001a10   Data           0  startup_stm32f10x_hd.o(HEAP)
    __heap_limit                             0x20002a10   Data           0  startup_stm32f10x_hd.o(HEAP)
    __initial_sp                             0x20003a10   Data           0  startup_stm32f10x_hd.o(STACK)



==============================================================================

Memory Map of the image

  Image Entry point : 0x08000131

  Load Region LR_IROM1 (Base: 0x08000000, Size: 0x00006834, Max: 0x00080000, ABSOLUTE)

    Execution Region ER_IROM1 (Exec base: 0x08000000, Load base: 0x08000000, Size: 0x0000676c, Max: 0x00080000, ABSOLUTE)

    Exec Addr    Load Addr    Size         Type   Attr      Idx    E Section Name        Object

    0x08000000   0x08000000   0x00000130   Data   RO          132    RESET               startup_stm32f10x_hd.o
    0x08000130   0x08000130   0x00000000   Code   RO         2672  * .ARM.Collect$$$$00000000  mc_w.l(entry.o)
    0x08000130   0x08000130   0x00000004   Code   RO         3032    .ARM.Collect$$$$00000001  mc_w.l(entry2.o)
    0x08000134   0x08000134   0x00000004   Code   RO         3035    .ARM.Collect$$$$00000004  mc_w.l(entry5.o)
    0x08000138   0x08000138   0x00000000   Code   RO         3037    .ARM.Collect$$$$00000008  mc_w.l(entry7b.o)
    0x08000138   0x08000138   0x00000000   Code   RO         3039    .ARM.Collect$$$$0000000A  mc_w.l(entry8b.o)
    0x08000138   0x08000138   0x00000008   Code   RO         3040    .ARM.Collect$$$$0000000B  mc_w.l(entry9a.o)
    0x08000140   0x08000140   0x00000004   Code   RO         3047    .ARM.Collect$$$$0000000E  mc_w.l(entry12b.o)
    0x08000144   0x08000144   0x00000000   Code   RO         3042    .ARM.Collect$$$$0000000F  mc_w.l(entry10a.o)
    0x08000144   0x08000144   0x00000000   Code   RO         3044    .ARM.Collect$$$$00000011  mc_w.l(entry11a.o)
    0x08000144   0x08000144   0x00000004   Code   RO         3033    .ARM.Collect$$$$00002712  mc_w.l(entry2.o)
    0x08000148   0x08000148   0x00000034   Code   RO          133    .text               startup_stm32f10x_hd.o
    0x0800017c   0x0800017c   0x00000024   Code   RO         2675    .text               mc_w.l(rand.o)
    0x080001a0   0x080001a0   0x00000024   Code   RO         2678    .text               mc_w.l(memcpya.o)
    0x080001c4   0x080001c4   0x00000024   Code   RO         2680    .text               mc_w.l(memseta.o)
    0x080001e8   0x080001e8   0x00000018   Code   RO         2682    .text               mc_w.l(strcat.o)
    0x08000200   0x08000200   0x00000024   Code   RO         2684    .text               mc_w.l(strstr.o)
    0x08000224   0x08000224   0x0000000e   Code   RO         2686    .text               mc_w.l(strlen.o)
    0x08000232   0x08000232   0x00000012   Code   RO         2688    .text               mc_w.l(strcpy.o)
    0x08000244   0x08000244   0x0000001e   Code   RO         2690    .text               mc_w.l(strncmp.o)
    0x08000262   0x08000262   0x000000b0   Code   RO         2983    .text               mf_w.l(fadd.o)
    0x08000312   0x08000312   0x0000007c   Code   RO         2985    .text               mf_w.l(fdiv.o)
    0x0800038e   0x0800038e   0x0000014e   Code   RO         2987    .text               mf_w.l(dadd.o)
    0x080004dc   0x080004dc   0x000000e4   Code   RO         2989    .text               mf_w.l(dmul.o)
    0x080005c0   0x080005c0   0x000000de   Code   RO         2991    .text               mf_w.l(ddiv.o)
    0x0800069e   0x0800069e   0x0000000a   Code   RO         2995    .text               mf_w.l(ffltui.o)
    0x080006a8   0x080006a8   0x00000028   Code   RO         2999    .text               mf_w.l(ffixui.o)
    0x080006d0   0x080006d0   0x00000026   Code   RO         3001    .text               mf_w.l(f2d.o)
    0x080006f6   0x080006f6   0x00000038   Code   RO         3003    .text               mf_w.l(d2f.o)
    0x0800072e   0x0800072e   0x0000002c   Code   RO         3049    .text               mc_w.l(uidiv.o)
    0x0800075a   0x0800075a   0x00000062   Code   RO         3051    .text               mc_w.l(uldiv.o)
    0x080007bc   0x080007bc   0x0000001e   Code   RO         3053    .text               mc_w.l(llshl.o)
    0x080007da   0x080007da   0x00000024   Code   RO         3055    .text               mc_w.l(llsshr.o)
    0x080007fe   0x080007fe   0x00000002   PAD
    0x08000800   0x08000800   0x0000009c   Code   RO         3066    .text               mc_w.l(strtod.o)
    0x0800089c   0x0800089c   0x00000000   Code   RO         3068    .text               mc_w.l(iusefp.o)
    0x0800089c   0x0800089c   0x0000006e   Code   RO         3069    .text               mf_w.l(fepilogue.o)
    0x0800090a   0x0800090a   0x000000ba   Code   RO         3071    .text               mf_w.l(depilogue.o)
    0x080009c4   0x080009c4   0x00000030   Code   RO         3075    .text               mf_w.l(dfixul.o)
    0x080009f4   0x080009f4   0x00000030   Code   RO         3077    .text               mf_w.l(cdrcmple.o)
    0x08000a24   0x08000a24   0x00000024   Code   RO         3079    .text               mc_w.l(init.o)
    0x08000a48   0x08000a48   0x00000020   Code   RO         3081    .text               mc_w.l(llushr.o)
    0x08000a68   0x08000a68   0x0000000a   Code   RO         3083    .text               mc_w.l(isspace_c.o)
    0x08000a72   0x08000a72   0x00000002   PAD
    0x08000a74   0x08000a74   0x00000360   Code   RO         3085    .text               mc_w.l(scanf_fp.o)
    0x08000dd4   0x08000dd4   0x00000040   Code   RO         3089    .text               mc_w.l(_sgetc.o)
    0x08000e14   0x08000e14   0x00000028   Code   RO         3095    .text               mc_w.l(ctype_c.o)
    0x08000e3c   0x08000e3c   0x00000018   Code   RO         3098    .text               mf_w.l(dfltul.o)
    0x08000e54   0x08000e54   0x00000040   Code   RO         1856    i.AD7124_8_GPIO_INIT  ad7124.o
    0x08000e94   0x08000e94   0x0000009c   Code   RO         1858    i.AD7124_8_INIT1    ad7124.o
    0x08000f30   0x08000f30   0x00000050   Code   RO         1859    i.AD7124_8_Read     ad7124.o
    0x08000f80   0x08000f80   0x00000054   Code   RO         1860    i.AD7124_8_Read_Byte  ad7124.o
    0x08000fd4   0x08000fd4   0x0000004c   Code   RO         1861    i.AD7124_8_Reset    ad7124.o
    0x08001020   0x08001020   0x00000054   Code   RO         1862    i.AD7124_8_Write    ad7124.o
    0x08001074   0x08001074   0x000000a6   Code   RO         1441    i.ADXL345_Init      adxl345.o
    0x0800111a   0x0800111a   0x00000016   Code   RO         1468    i.BH1750_test       bh1750.o
    0x08001130   0x08001130   0x00000030   Code   RO         1789    i.Beep_Init         beep.o
    0x08001160   0x08001160   0x0000001c   Code   RO         1790    i.Beep_Set          beep.o
    0x0800117c   0x0800117c   0x00000004   Code   RO          137    i.BusFault_Handler  stm32f10x_it.o
    0x08001180   0x08001180   0x00000040   Code   RO         1469    i.Cmd_Write_BH1750  bh1750.o
    0x080011c0   0x080011c0   0x00000054   Code   RO         1470    i.Convert_BH1750    bh1750.o
    0x08001214   0x08001214   0x00000018   Code   RO         1171    i.DMA_Cmd           stm32f10x_dma.o
    0x0800122c   0x0800122c   0x0000014c   Code   RO         1172    i.DMA_DeInit        stm32f10x_dma.o
    0x08001378   0x08001378   0x00000008   Code   RO         1173    i.DMA_GetCurrDataCounter  stm32f10x_dma.o
    0x08001380   0x08001380   0x0000003c   Code   RO         1177    i.DMA_Init          stm32f10x_dma.o
    0x080013bc   0x080013bc   0x00000004   Code   RO         1178    i.DMA_SetCurrDataCounter  stm32f10x_dma.o
    0x080013c0   0x080013c0   0x00000002   Code   RO          138    i.DebugMon_Handler  stm32f10x_it.o
    0x080013c2   0x080013c2   0x00000012   Code   RO         1863    i.Delay             ad7124.o
    0x080013d4   0x080013d4   0x00000002   Code   RO          139    i.EXTI15_10_IRQHandler  stm32f10x_it.o
    0x080013d6   0x080013d6   0x00000116   Code   RO          530    i.GPIO_Init         stm32f10x_gpio.o
    0x080014ec   0x080014ec   0x00000012   Code   RO          534    i.GPIO_ReadInputDataBit  stm32f10x_gpio.o
    0x080014fe   0x080014fe   0x00000004   Code   RO          537    i.GPIO_ResetBits    stm32f10x_gpio.o
    0x08001502   0x08001502   0x00000004   Code   RO          538    i.GPIO_SetBits      stm32f10x_gpio.o
    0x08001506   0x08001506   0x0000000a   Code   RO          541    i.GPIO_WriteBit     stm32f10x_gpio.o
    0x08001510   0x08001510   0x000000fc   Code   RO          140    i.HardFaultHandler  stm32f10x_it.o
    0x0800160c   0x0800160c   0x0000006a   Code   RO         1644    i.I2C_ReadByte      i2c.o
    0x08001676   0x08001676   0x0000005c   Code   RO         1646    i.I2C_WriteByte     i2c.o
    0x080016d2   0x080016d2   0x00000002   PAD
    0x080016d4   0x080016d4   0x00000044   Code   RO         1475    i.IIC_1750_Ack      bh1750.o
    0x08001718   0x08001718   0x00000048   Code   RO         1476    i.IIC_1750_Init     bh1750.o
    0x08001760   0x08001760   0x00000044   Code   RO         1477    i.IIC_1750_NAck     bh1750.o
    0x080017a4   0x080017a4   0x00000060   Code   RO         1478    i.IIC_1750_RecvByte  bh1750.o
    0x08001804   0x08001804   0x00000068   Code   RO         1479    i.IIC_1750_SendByte  bh1750.o
    0x0800186c   0x0800186c   0x0000000c   Code   RO         1480    i.IIC_1750_SpeedCtl  bh1750.o
    0x08001878   0x08001878   0x00000044   Code   RO         1481    i.IIC_1750_Start    bh1750.o
    0x080018bc   0x080018bc   0x00000044   Code   RO         1482    i.IIC_1750_Stop     bh1750.o
    0x08001900   0x08001900   0x00000080   Code   RO         1483    i.IIC_1750_WaitAck  bh1750.o
    0x08001980   0x08001980   0x0000003c   Code   RO         1648    i.IIC_Ack           i2c.o
    0x080019bc   0x080019bc   0x00000040   Code   RO         1649    i.IIC_Init          i2c.o
    0x080019fc   0x080019fc   0x0000003c   Code   RO         1650    i.IIC_NAck          i2c.o
    0x08001a38   0x08001a38   0x00000058   Code   RO         1651    i.IIC_RecvByte      i2c.o
    0x08001a90   0x08001a90   0x00000060   Code   RO         1652    i.IIC_SendByte      i2c.o
    0x08001af0   0x08001af0   0x0000000c   Code   RO         1653    i.IIC_SpeedCtl      i2c.o
    0x08001afc   0x08001afc   0x0000003c   Code   RO         1654    i.IIC_Start         i2c.o
    0x08001b38   0x08001b38   0x0000003c   Code   RO         1655    i.IIC_Stop          i2c.o
    0x08001b74   0x08001b74   0x00000078   Code   RO         1656    i.IIC_WaitAck       i2c.o
    0x08001bec   0x08001bec   0x0000002c   Code   RO         1820    i.Key_Init          key.o
    0x08001c18   0x08001c18   0x0000002c   Code   RO         1392    i.Led1_Set          led.o
    0x08001c44   0x08001c44   0x0000002c   Code   RO         1393    i.Led2_Set          led.o
    0x08001c70   0x08001c70   0x0000002c   Code   RO         1394    i.Led3_Set          led.o
    0x08001c9c   0x08001c9c   0x0000002c   Code   RO         1395    i.Led4_Set          led.o
    0x08001cc8   0x08001cc8   0x00000044   Code   RO         1396    i.Led_Init          led.o
    0x08001d0c   0x08001d0c   0x00000030   Code   RO         1925    i.M5310_Power_Init  m5310.o
    0x08001d3c   0x08001d3c   0x00000004   Code   RO          141    i.MemManage_Handler  stm32f10x_it.o
    0x08001d40   0x08001d40   0x00000002   Code   RO          142    i.NMI_Handler       stm32f10x_it.o
    0x08001d42   0x08001d42   0x00000002   PAD
    0x08001d44   0x08001d44   0x00000010   Code   RO          345    i.NVIC_GenerateSystemReset  misc.o
    0x08001d54   0x08001d54   0x00000070   Code   RO          346    i.NVIC_Init         misc.o
    0x08001dc4   0x08001dc4   0x00000002   Code   RO          143    i.PendSV_Handler    stm32f10x_it.o
    0x08001dc6   0x08001dc6   0x00000020   Code   RO         2073    i.Peripheral_Init   environment.o
    0x08001de6   0x08001de6   0x00000002   PAD
    0x08001de8   0x08001de8   0x00000020   Code   RO          639    i.RCC_AHBPeriphClockCmd  stm32f10x_rcc.o
    0x08001e08   0x08001e08   0x00000020   Code   RO          640    i.RCC_APB1PeriphClockCmd  stm32f10x_rcc.o
    0x08001e28   0x08001e28   0x00000020   Code   RO          641    i.RCC_APB1PeriphResetCmd  stm32f10x_rcc.o
    0x08001e48   0x08001e48   0x00000020   Code   RO          642    i.RCC_APB2PeriphClockCmd  stm32f10x_rcc.o
    0x08001e68   0x08001e68   0x00000020   Code   RO          643    i.RCC_APB2PeriphResetCmd  stm32f10x_rcc.o
    0x08001e88   0x08001e88   0x000000dc   Code   RO          650    i.RCC_GetClocksFreq  stm32f10x_rcc.o
    0x08001f64   0x08001f64   0x00000002   Code   RO          144    i.RTC_IRQHandler    stm32f10x_it.o
    0x08001f66   0x08001f66   0x00000002   PAD
    0x08001f68   0x08001f68   0x00000104   Code   RO         2237    i.RTC_Init          time.o
    0x0800206c   0x0800206c   0x00000048   Code   RO         1484    i.Read_BH1750       bh1750.o
    0x080020b4   0x080020b4   0x00000070   Code   RO         1734    i.SHT20_GetValue    sht20.o
    0x08002124   0x08002124   0x00000016   Code   RO         1735    i.SHT20_read_user_reg  sht20.o
    0x0800213a   0x0800213a   0x0000000e   Code   RO         1736    i.SHT20_reset       sht20.o
    0x08002148   0x08002148   0x00000048   Code   RO         1737    i.SHT2x_CalcRH      sht20.o
    0x08002190   0x08002190   0x0000004c   Code   RO         1738    i.SHT2x_CalcTemperatureC  sht20.o
    0x080021dc   0x080021dc   0x0000004a   Code   RO         1739    i.SHT2x_CheckCrc    sht20.o
    0x08002226   0x08002226   0x000000d0   Code   RO         1740    i.SHT2x_MeasureHM   sht20.o
    0x080022f6   0x080022f6   0x00000002   Code   RO          145    i.SVC_Handler       stm32f10x_it.o
    0x080022f8   0x080022f8   0x00000170   Code   RO         1129    i.SendCmd           at_cmd.o
    0x08002468   0x08002468   0x000000c4   Code   RO         1130    i.SentData          at_cmd.o
    0x0800252c   0x0800252c   0x00000008   Code   RO           17    i.SetSysClock       system_stm32f10x.o
    0x08002534   0x08002534   0x000000e0   Code   RO           18    i.SetSysClockTo72   system_stm32f10x.o
    0x08002614   0x08002614   0x00000016   Code   RO         1485    i.Start_BH1750      bh1750.o
    0x0800262a   0x0800262a   0x00000028   Code   RO          350    i.SysTick_CLKSourceConfig  misc.o
    0x08002652   0x08002652   0x00000002   Code   RO          146    i.SysTick_Handler   stm32f10x_it.o
    0x08002654   0x08002654   0x00000060   Code   RO           20    i.SystemInit        system_stm32f10x.o
    0x080026b4   0x080026b4   0x000000a4   Code   RO         1241    i.USART1_Init       usart1.o
    0x08002758   0x08002758   0x00000130   Code   RO         1275    i.USART3_IRQHandler  usart3.o
    0x08002888   0x08002888   0x00000164   Code   RO         1276    i.USART3_Init       usart3.o
    0x080029ec   0x080029ec   0x00000064   Code   RO         1277    i.USART3_Write      usart3.o
    0x08002a50   0x08002a50   0x00000018   Code   RO          842    i.USART_Cmd         stm32f10x_usart.o
    0x08002a68   0x08002a68   0x00000012   Code   RO          843    i.USART_DMACmd      stm32f10x_usart.o
    0x08002a7a   0x08002a7a   0x00000002   PAD
    0x08002a7c   0x08002a7c   0x0000009c   Code   RO          844    i.USART_DeInit      stm32f10x_usart.o
    0x08002b18   0x08002b18   0x0000001a   Code   RO          845    i.USART_GetFlagStatus  stm32f10x_usart.o
    0x08002b32   0x08002b32   0x0000004a   Code   RO          848    i.USART_ITConfig    stm32f10x_usart.o
    0x08002b7c   0x08002b7c   0x000000d8   Code   RO          849    i.USART_Init        stm32f10x_usart.o
    0x08002c54   0x08002c54   0x00000008   Code   RO          859    i.USART_SendData    stm32f10x_usart.o
    0x08002c5c   0x08002c5c   0x00000004   Code   RO          147    i.UsageFault_Handler  stm32f10x_it.o
    0x08002c60   0x08002c60   0x00000020   Code   RO         2927    i.__0printf         mc_w.l(printfa.o)
    0x08002c80   0x08002c80   0x00000028   Code   RO         2929    i.__0sprintf        mc_w.l(printfa.o)
    0x08002ca8   0x08002ca8   0x0000000c   Code   RO         3060    i.__read_errno      mc_w.l(errno.o)
    0x08002cb4   0x08002cb4   0x0000000e   Code   RO         3102    i.__scatterload_copy  mc_w.l(handlers.o)
    0x08002cc2   0x08002cc2   0x00000002   Code   RO         3103    i.__scatterload_null  mc_w.l(handlers.o)
    0x08002cc4   0x08002cc4   0x0000000e   Code   RO         3104    i.__scatterload_zeroinit  mc_w.l(handlers.o)
    0x08002cd2   0x08002cd2   0x00000002   PAD
    0x08002cd4   0x08002cd4   0x0000000c   Code   RO         3061    i.__set_errno       mc_w.l(errno.o)
    0x08002ce0   0x08002ce0   0x00000184   Code   RO         2934    i._fp_digits        mc_w.l(printfa.o)
    0x08002e64   0x08002e64   0x0000000e   Code   RO         3087    i._is_digit         mc_w.l(scanf_fp.o)
    0x08002e72   0x08002e72   0x00000002   PAD
    0x08002e74   0x08002e74   0x000006b4   Code   RO         2935    i._printf_core      mc_w.l(printfa.o)
    0x08003528   0x08003528   0x00000024   Code   RO         2936    i._printf_post_padding  mc_w.l(printfa.o)
    0x0800354c   0x0800354c   0x0000002e   Code   RO         2937    i._printf_pre_padding  mc_w.l(printfa.o)
    0x0800357a   0x0800357a   0x0000000a   Code   RO         2939    i._sputc            mc_w.l(printfa.o)
    0x08003584   0x08003584   0x0000002a   Code   RO         2659    i.atof              m_ws.l(atof.o)
    0x080035ae   0x080035ae   0x00000002   PAD
    0x080035b0   0x080035b0   0x00000044   Code   RO         2238    i.delay_init        time.o
    0x080035f4   0x080035f4   0x0000004c   Code   RO         2239    i.delay_ms_sub      time.o
    0x08003640   0x08003640   0x00000036   Code   RO         2542    i.device_free_nodes  nbiot.o
    0x08003676   0x08003676   0x00000038   Code   RO         2543    i.device_free_observes  nbiot.o
    0x080036ae   0x080036ae   0x00000028   Code   RO         2544    i.device_free_transactions  nbiot.o
    0x080036d6   0x080036d6   0x00000002   PAD
    0x080036d8   0x080036d8   0x00000034   Code   RO          232    i.execute_callback  main.o
    0x0800370c   0x0800370c   0x00000068   Code   RO         1018    i.fifo_get          fifo.o
    0x08003774   0x08003774   0x00000040   Code   RO         1019    i.fifo_init         fifo.o
    0x080037b4   0x080037b4   0x0000006c   Code   RO         1020    i.fifo_put          fifo.o
    0x08003820   0x08003820   0x00000024   Code   RO         1243    i.fputc             usart1.o
    0x08003844   0x08003844   0x00000050   Code   RO         2955    i.free              mc_w.l(malloc.o)
    0x08003894   0x08003894   0x00000078   Code   RO         2545    i.handle_execute    nbiot.o
    0x0800390c   0x0800390c   0x00000036   Code   RO         2546    i.handle_observe    nbiot.o
    0x08003942   0x08003942   0x00000070   Code   RO         2547    i.handle_read       nbiot.o
    0x080039b2   0x080039b2   0x00000002   PAD
    0x080039b4   0x080039b4   0x00000238   Code   RO         2548    i.handle_request    nbiot.o
    0x08003bec   0x08003bec   0x000002b8   Code   RO         2549    i.handle_transaction  nbiot.o
    0x08003ea4   0x08003ea4   0x0000003a   Code   RO         2550    i.handle_write      nbiot.o
    0x08003ede   0x08003ede   0x00000054   Code   RO         1927    i.init_miplconf     m5310.o
    0x08003f32   0x08003f32   0x00000002   PAD
    0x08003f34   0x08003f34   0x00000018   Code   RO         1928    i.ip_SendData       m5310.o
    0x08003f4c   0x08003f4c   0x000000e8   Code   RO         1929    i.m5310_addobj      m5310.o
    0x08004034   0x08004034   0x00000064   Code   RO         1932    i.m5310_delobj      m5310.o
    0x08004098   0x08004098   0x000000c0   Code   RO         1933    i.m5310_discover_rsp  m5310.o
    0x08004158   0x08004158   0x000000a8   Code   RO         1934    i.m5310_execute_rsp  m5310.o
    0x08004200   0x08004200   0x00000160   Code   RO         1935    i.m5310_notify_upload  m5310.o
    0x08004360   0x08004360   0x00000194   Code   RO         1936    i.m5310_read_upload  m5310.o
    0x080044f4   0x080044f4   0x0000009c   Code   RO         1937    i.m5310_register_request  m5310.o
    0x08004590   0x08004590   0x00000094   Code   RO         1938    i.m5310_register_update  m5310.o
    0x08004624   0x08004624   0x000000a0   Code   RO         1939    i.m5310_write_rsp   m5310.o
    0x080046c4   0x080046c4   0x0000003c   Code   RO         2241    i.mDelay            time.o
    0x08004700   0x08004700   0x00000410   Code   RO          233    i.main              main.o
    0x08004b10   0x08004b10   0x0000006c   Code   RO         2956    i.malloc            mc_w.l(malloc.o)
    0x08004b7c   0x08004b7c   0x0000002c   Code   RO         1054    i.memb_alloc        memb.o
    0x08004ba8   0x08004ba8   0x00000038   Code   RO         1055    i.memb_free         memb.o
    0x08004be0   0x08004be0   0x0000001c   Code   RO         1056    i.memb_init         memb.o
    0x08004bfc   0x08004bfc   0x00000038   Code   RO         1940    i.mipl_generate     m5310.o
    0x08004c34   0x08004c34   0x00000070   Code   RO         2299    i.nbiot_atoi        utils.o
    0x08004ca4   0x08004ca4   0x000000e8   Code   RO         2552    i.nbiot_device_connect  nbiot.o
    0x08004d8c   0x08004d8c   0x00000054   Code   RO         2553    i.nbiot_device_create  nbiot.o
    0x08004de0   0x08004de0   0x0000001e   Code   RO         2554    i.nbiot_device_destroy  nbiot.o
    0x08004dfe   0x08004dfe   0x00000108   Code   RO         2555    i.nbiot_device_step  nbiot.o
    0x08004f06   0x08004f06   0x0000000c   Code   RO         2180    i.nbiot_free        memory.o
    0x08004f12   0x08004f12   0x00000002   PAD
    0x08004f14   0x08004f14   0x00000194   Code   RO         2556    i.nbiot_handle_buffer  nbiot.o
    0x080050a8   0x080050a8   0x00000038   Code   RO         2075    i.nbiot_init_environment  environment.o
    0x080050e0   0x080050e0   0x0000006a   Code   RO         2300    i.nbiot_itoa        utils.o
    0x0800514a   0x0800514a   0x00000036   Code   RO         2376    i.nbiot_list_add    nblist.o
    0x08005180   0x08005180   0x00000056   Code   RO         2377    i.nbiot_list_del    nblist.o
    0x080051d6   0x080051d6   0x00000018   Code   RO         2378    i.nbiot_list_free   nblist.o
    0x080051ee   0x080051ee   0x0000001e   Code   RO         2379    i.nbiot_list_get    nblist.o
    0x0800520c   0x0800520c   0x0000000c   Code   RO         2181    i.nbiot_malloc      memory.o
    0x08005218   0x08005218   0x00000020   Code   RO         2302    i.nbiot_memmove     utils.o
    0x08005238   0x08005238   0x00000018   Code   RO         2303    i.nbiot_memzero     utils.o
    0x08005250   0x08005250   0x0000004c   Code   RO         2412    i.nbiot_node_find   node.o
    0x0800529c   0x0800529c   0x000001d0   Code   RO         2413    i.nbiot_node_read   node.o
    0x0800546c   0x0800546c   0x000000b4   Code   RO         2414    i.nbiot_node_write  node.o
    0x08005520   0x08005520   0x00000110   Code   RO         2557    i.nbiot_object_add  nbiot.o
    0x08005630   0x08005630   0x00000156   Code   RO         2436    i.nbiot_observe_add  observe.o
    0x08005786   0x08005786   0x000000c2   Code   RO         2437    i.nbiot_observe_del  observe.o
    0x08005848   0x08005848   0x00000100   Code   RO         2438    i.nbiot_observe_step  observe.o
    0x08005948   0x08005948   0x00000024   Code   RO         2304    i.nbiot_rand        utils.o
    0x0800596c   0x0800596c   0x00000020   Code   RO         2558    i.nbiot_recv_buffer  nbiot.o
    0x0800598c   0x0800598c   0x00000054   Code   RO         2475    i.nbiot_register_start  registraction.o
    0x080059e0   0x080059e0   0x0000004c   Code   RO         2476    i.nbiot_register_step  registraction.o
    0x08005a2c   0x08005a2c   0x00000050   Code   RO         2477    i.nbiot_register_update  registraction.o
    0x08005a7c   0x08005a7c   0x00000008   Code   RO         2076    i.nbiot_reset       environment.o
    0x08005a84   0x08005a84   0x0000013e   Code   RO         2559    i.nbiot_resource_add  nbiot.o
    0x08005bc2   0x08005bc2   0x0000014a   Code   RO         2561    i.nbiot_send_buffer  nbiot.o
    0x08005d0c   0x08005d0c   0x0000000c   Code   RO         2242    i.nbiot_sleep       time.o
    0x08005d18   0x08005d18   0x00000032   Code   RO         2305    i.nbiot_strdup      utils.o
    0x08005d4a   0x08005d4a   0x00000012   Code   RO         2306    i.nbiot_strlen      utils.o
    0x08005d5c   0x08005d5c   0x00000024   Code   RO         2308    i.nbiot_strncpy     utils.o
    0x08005d80   0x08005d80   0x00000014   Code   RO         2243    i.nbiot_time        time.o
    0x08005d94   0x08005d94   0x0000000c   Code   RO         2244    i.nbiot_time_init   time.o
    0x08005da0   0x08005da0   0x00000070   Code   RO         2518    i.nbiot_transaction_add  transaction.o
    0x08005e10   0x08005e10   0x00000046   Code   RO         2519    i.nbiot_transaction_del  transaction.o
    0x08005e56   0x08005e56   0x00000002   PAD
    0x08005e58   0x08005e58   0x00000080   Code   RO         2520    i.nbiot_transaction_step  transaction.o
    0x08005ed8   0x08005ed8   0x0000003c   Code   RO         2207    i.nbiot_udp_recv    socket.o
    0x08005f14   0x08005f14   0x0000001a   Code   RO         2208    i.nbiot_udp_send    socket.o
    0x08005f2e   0x08005f2e   0x00000002   PAD
    0x08005f30   0x08005f30   0x00000198   Code   RO         1941    i.netdev_init       m5310.o
    0x080060c8   0x080060c8   0x00000058   Code   RO         1942    i.netif_rx          m5310.o
    0x08006120   0x08006120   0x00000048   Code   RO         2439    i.observe_check     observe.o
    0x08006168   0x08006168   0x0000005c   Code   RO         2440    i.observe_read      observe.o
    0x080061c4   0x080061c4   0x000001a0   Code   RO          234    i.read_callback     main.o
    0x08006364   0x08006364   0x0000001c   Code   RO         1131    i.register_cmd_handler  at_cmd.o
    0x08006380   0x08006380   0x00000024   Code   RO         2478    i.registraction_reply  registraction.o
    0x080063a4   0x080063a4   0x00000024   Code   RO         2479    i.registraction_update_reply  registraction.o
    0x080063c8   0x080063c8   0x00000134   Code   RO          235    i.res_update        main.o
    0x080064fc   0x080064fc   0x00000014   Code   RO         1084    i.ringbuf_clear     ringbuf.o
    0x08006510   0x08006510   0x0000000e   Code   RO         1085    i.ringbuf_elements  ringbuf.o
    0x0800651e   0x0800651e   0x0000000e   Code   RO         1087    i.ringbuf_init      ringbuf.o
    0x0800652c   0x0800652c   0x0000004c   Code   RO         2245    i.uDelay            time.o
    0x08006578   0x08006578   0x000000c8   Code   RO         1865    i.voltage_Getvalue  ad7124.o
    0x08006640   0x08006640   0x0000004c   Code   RO          236    i.write_callback    main.o
    0x0800668c   0x0800668c   0x00000040   Data   RO         3096    .constdata          mc_w.l(ctype_c.o)
    0x080066cc   0x080066cc   0x0000007d   Data   RO         1946    .conststring        m5310.o
    0x08006749   0x08006749   0x00000003   PAD
    0x0800674c   0x0800674c   0x00000020   Data   RO         3100    Region$$Table       anon$$obj.o


    Execution Region RW_IRAM1 (Exec base: 0x20000000, Load base: 0x0800676c, Size: 0x00003a10, Max: 0x00010000, ABSOLUTE)

    Exec Addr    Load Addr    Size         Type   Attr      Idx    E Section Name        Object

    0x20000000   0x0800676c   0x00000014   Data   RW           21    .data               system_stm32f10x.o
    0x20000014   0x08006780   0x00000028   Data   RW          238    .data               main.o
    0x2000003c   0x080067a8   0x00000014   Data   RW          670    .data               stm32f10x_rcc.o
    0x20000050   0x080067bc   0x0000000c   Data   RW         1132    .data               at_cmd.o
    0x2000005c   0x080067c8   0x00000038   Data   RW         1279    .data               usart3.o
    0x20000094   0x08006800   0x00000004   Data   RW         1398    .data               led.o
    0x20000098   0x08006804   0x0000000a   Data   RW         1486    .data               bh1750.o
    0x200000a2   0x0800680e   0x00000002   Data   RW         1657    .data               i2c.o
    0x200000a4   0x08006810   0x00000001   Data   RW         1792    .data               beep.o
    0x200000a5   0x08006811   0x00000001   Data   RW         2077    .data               environment.o
    0x200000a6   0x08006812   0x00000002   PAD
    0x200000a8   0x08006814   0x00000008   Data   RW         2246    .data               time.o
    0x200000b0   0x0800681c   0x00000001   Data   RW         2310    .data               utils.o
    0x200000b1   0x0800681d   0x00000003   PAD
    0x200000b4   0x08006820   0x00000004   Data   RW         2676    .data               mc_w.l(rand.o)
    0x200000b8   0x08006824   0x00000004   Data   RW         3048    .data               mc_w.l(stdout.o)
    0x200000bc   0x08006828   0x00000004   Data   RW         3057    .data               mc_w.l(mvars.o)
    0x200000c0   0x0800682c   0x00000004   Data   RW         3058    .data               mc_w.l(mvars.o)
    0x200000c4   0x08006830   0x00000004   Data   RW         3062    .data               mc_w.l(errno.o)
    0x200000c8        -       0x000000d0   Zero   RW          237    .bss                main.o
    0x20000198        -       0x00000050   Zero   RW         1021    .bss                fifo.o
    0x200001e8        -       0x00001428   Zero   RW         1278    .bss                usart3.o
    0x20001610        -       0x00000400   Zero   RW         1945    .bss                m5310.o
    0x20001a10        -       0x00001000   Zero   RW          131    HEAP                startup_stm32f10x_hd.o
    0x20002a10        -       0x00001000   Zero   RW          130    STACK               startup_stm32f10x_hd.o


==============================================================================

Image component sizes


      Code (inc. data)   RO Data    RW Data    ZI Data      Debug   Object Name

       762         60          0          0          0       4656   ad7124.o
       166          0          0          0          0        567   adxl345.o
       592        116          0         12          0       4514   at_cmd.o
        76         12          0          1          0       1382   beep.o
       948        116          0         10          0       8053   bh1750.o
         0          0          0          0          0       4540   core_cm3.o
        96          4          0          1          0       1745   environment.o
       276         16          0          0         80       3801   fifo.o
       818         92          0          2          0       6311   i2c.o
        44          6          0          0          0        435   key.o
       244         38          0          4          0       2823   led.o
      2620        678        125          0       1024      15686   m5310.o
      1892        606          0         40        208       8949   main.o
       128          0          0          0          0       2029   memb.o
        24          0          0          0          0       2476   memory.o
       168         20          0          0          0     239961   misc.o
      3724        250          0          0          0      15976   nbiot.o
       194          0          0          0          0       2801   nblist.o
       720         14          0          0          0       3379   node.o
       956          0          0          0          0       4613   observe.o
       312         20          0          0          0       3909   registraction.o
        48          0          0          0          0       2150   ringbuf.o
       578         28          0          0          0       5288   sht20.o
        86         14          0          0          0       5050   socket.o
        52          8        304          0       8192        820   startup_stm32f10x_hd.o
       428          8          0          0          0       4632   stm32f10x_dma.o
       314          0          0          0          0       4324   stm32f10x_gpio.o
       278        124          0          0          0       6105   stm32f10x_it.o
       380         58          0         20          0       6228   stm32f10x_rcc.o
       522         28          0          0          0       6171   stm32f10x_usart.o
       328         28          0         20          0     213609   system_stm32f10x.o
       584         42          0          8          0       4722   time.o
       310         12          0          0          0       2877   transaction.o
       200         14          0          0          0       2898   usart1.o
       760        124          0         56       5160     232629   usart3.o
       414          6          0          1          0       5125   utils.o

    ----------------------------------------------------------------------
     20064       2542        464        180      14664     841234   Object Totals
         0          0         32          0          0          0   (incl. Generated)
        22          0          3          5          0          0   (incl. Padding)

    ----------------------------------------------------------------------

      Code (inc. data)   RO Data    RW Data    ZI Data      Debug   Library Member Name

        42          0          0          0          0         84   atof.o
        64          0          0          0          0         84   _sgetc.o
        40          6         64          0          0         68   ctype_c.o
         0          0          0          0          0          0   entry.o
         0          0          0          0          0          0   entry10a.o
         0          0          0          0          0          0   entry11a.o
         4          0          0          0          0          0   entry12b.o
         8          4          0          0          0          0   entry2.o
         4          0          0          0          0          0   entry5.o
         0          0          0          0          0          0   entry7b.o
         0          0          0          0          0          0   entry8b.o
         8          4          0          0          0          0   entry9a.o
        24         12          0          4          0        136   errno.o
        30          0          0          0          0          0   handlers.o
        36          8          0          0          0         68   init.o
        10          0          0          0          0         68   isspace_c.o
         0          0          0          0          0          0   iusefp.o
        30          0          0          0          0         68   llshl.o
        36          0          0          0          0         68   llsshr.o
        32          0          0          0          0         68   llushr.o
       188         20          0          0          0        160   malloc.o
        36          0          0          0          0         68   memcpya.o
        36          0          0          0          0        108   memseta.o
         0          0          0          8          0          0   mvars.o
      2268         96          0          0          0        616   printfa.o
        36         10          0          4          0        136   rand.o
       878         12          0          0          0        216   scanf_fp.o
         0          0          0          4          0          0   stdout.o
        24          0          0          0          0         68   strcat.o
        18          0          0          0          0         68   strcpy.o
        14          0          0          0          0         68   strlen.o
        30          0          0          0          0         80   strncmp.o
        36          0          0          0          0         80   strstr.o
       156         12          0          0          0        120   strtod.o
        44          0          0          0          0         80   uidiv.o
        98          0          0          0          0         92   uldiv.o
        48          0          0          0          0         68   cdrcmple.o
        56          0          0          0          0         88   d2f.o
       334          0          0          0          0        148   dadd.o
       222          0          0          0          0        100   ddiv.o
       186          0          0          0          0        176   depilogue.o
        48          0          0          0          0         68   dfixul.o
        24          0          0          0          0         76   dfltul.o
       228          0          0          0          0         96   dmul.o
        38          0          0          0          0         68   f2d.o
       176          0          0          0          0        140   fadd.o
       124          0          0          0          0         88   fdiv.o
       110          0          0          0          0        168   fepilogue.o
        40          0          0          0          0         68   ffixui.o
        10          0          0          0          0         68   ffltui.o

    ----------------------------------------------------------------------
      5884        184         64         20          0       4092   Library Totals
        10          0          0          0          0          0   (incl. Padding)

    ----------------------------------------------------------------------

      Code (inc. data)   RO Data    RW Data    ZI Data      Debug   Library Name

        42          0          0          0          0         84   m_ws.l
      4188        184         64         20          0       2588   mc_w.l
      1644          0          0          0          0       1420   mf_w.l

    ----------------------------------------------------------------------
      5884        184         64         20          0       4092   Library Totals

    ----------------------------------------------------------------------

==============================================================================


      Code (inc. data)   RO Data    RW Data    ZI Data      Debug   

     25948       2726        528        200      14664     833726   Grand Totals
     25948       2726        528        200      14664     833726   ELF Image Totals
     25948       2726        528        200          0          0   ROM Totals

==============================================================================

    Total RO  Size (Code + RO Data)                26476 (  25.86kB)
    Total RW  Size (RW Data + ZI Data)             14864 (  14.52kB)
    Total ROM Size (Code + RO Data + RW Data)      26676 (  26.05kB)

==============================================================================

